framed_multi<double>
Clifford algebra squaring test:
Square of unit pseudoscalar ({-6,-5,-4,-3,-2,-1,1,2,3,4,5,6})
Cl(6,6) in Cl(6,6) CPU =            0 ms:            0 (setup) +            0 (mult). 
Square is 1
Cl(1,0) in Cl(12,0) CPU =            0 ms:            0 (setup) +            0 (mult). 
Cl(2,0) in Cl(12,0) CPU =            0 ms:            0 (setup) +            0 (mult). 
Cl(3,0) in Cl(12,0) CPU =           10 ms:            0 (setup) +           10 (mult). 
Cl(4,0) in Cl(12,0) CPU =            0 ms:            0 (setup) +            0 (mult). 
Cl(5,0) in Cl(12,0) CPU =           10 ms:            0 (setup) +           10 (mult). 
Cl(6,0) in Cl(12,0) CPU =           60 ms:            0 (setup) +           60 (mult). 
Cl(7,0) in Cl(12,0) CPU =          200 ms:            0 (setup) +          200 (mult). 
Cl(8,0) in Cl(12,0) CPU =          850 ms:           10 (setup) +          840 (mult). 
Cl(9,0) in Cl(12,0) CPU =         2190 ms:           30 (setup) +         2160 (mult). 
Cl(10,0) in Cl(12,0) CPU =         4770 ms:           70 (setup) +         4700 (mult). 
Cl(11,0) in Cl(12,0) CPU =        19840 ms:          130 (setup) +        19710 (mult). 
Cl(12,0) in Cl(12,0) CPU =        91390 ms:          290 (setup) +        91100 (mult). 
Cl(1,0) in Cl(6,6) CPU =            0 ms:            0 (setup) +            0 (mult). 
Cl(1,1) in Cl(6,6) CPU =            0 ms:            0 (setup) +            0 (mult). 
Cl(2,1) in Cl(6,6) CPU =            0 ms:            0 (setup) +            0 (mult). 
Cl(2,2) in Cl(6,6) CPU =            0 ms:            0 (setup) +            0 (mult). 
Cl(3,2) in Cl(6,6) CPU =           10 ms:            0 (setup) +           10 (mult). 
Cl(3,3) in Cl(6,6) CPU =           50 ms:            0 (setup) +           50 (mult). 
Cl(4,3) in Cl(6,6) CPU =          200 ms:           10 (setup) +          190 (mult). 
Cl(4,4) in Cl(6,6) CPU =          830 ms:           10 (setup) +          820 (mult). 
Cl(5,4) in Cl(6,6) CPU =         2160 ms:           20 (setup) +         2140 (mult). 
Cl(5,5) in Cl(6,6) CPU =         4790 ms:           50 (setup) +         4740 (mult). 
Cl(6,5) in Cl(6,6) CPU =        20020 ms:          100 (setup) +        19920 (mult). 
Cl(6,6) in Cl(6,6) CPU =        42980 ms:          220 (setup) +        42760 (mult). 
Cl(1,0) in Cl(1,0) CPU =            0 ms:            0 (setup) +            0 (mult). 
Cl(1,1) in Cl(1,1) CPU =            0 ms:            0 (setup) +            0 (mult). 
Cl(2,1) in Cl(2,1) CPU =            0 ms:            0 (setup) +            0 (mult). 
Cl(2,2) in Cl(2,2) CPU =            0 ms:            0 (setup) +            0 (mult). 
Cl(3,2) in Cl(3,2) CPU =           20 ms:            0 (setup) +           20 (mult). 
Cl(3,3) in Cl(3,3) CPU =           50 ms:            0 (setup) +           50 (mult). 
Cl(4,3) in Cl(4,3) CPU =          200 ms:           10 (setup) +          190 (mult). 
Cl(4,4) in Cl(4,4) CPU =          820 ms:           10 (setup) +          810 (mult). 
Cl(5,4) in Cl(5,4) CPU =         2170 ms:           20 (setup) +         2150 (mult). 
Cl(5,5) in Cl(5,5) CPU =         4810 ms:           40 (setup) +         4770 (mult). 
Cl(6,5) in Cl(6,5) CPU =        20030 ms:          100 (setup) +        19930 (mult). 
Cl(6,6) in Cl(6,6) CPU =        43020 ms:          220 (setup) +        42800 (mult). 
matrix_multi<double>
Clifford algebra squaring test:
Square of unit pseudoscalar ({-6,-5,-4,-3,-2,-1,1,2,3,4,5,6})
Cl(6,6) in Cl(6,6) CPU =           10 ms:           10 (setup) +            0 (mult). 
Square is 1
Cl(1,0) in Cl(12,0) CPU =           30 ms:           10 (setup) +           20 (mult). 
Cl(2,0) in Cl(12,0) CPU =           70 ms:           30 (setup) +           40 (mult). 
Cl(3,0) in Cl(12,0) CPU =           90 ms:           40 (setup) +           50 (mult). 
Cl(4,0) in Cl(12,0) CPU =          180 ms:           60 (setup) +          120 (mult). 
Cl(5,0) in Cl(12,0) CPU =          370 ms:          160 (setup) +          210 (mult). 
Cl(6,0) in Cl(12,0) CPU =          850 ms:          370 (setup) +          480 (mult). 
Cl(7,0) in Cl(12,0) CPU =          820 ms:          360 (setup) +          460 (mult). 
Cl(8,0) in Cl(12,0) CPU =         2210 ms:         1060 (setup) +         1150 (mult). 
Cl(9,0) in Cl(12,0) CPU =         1870 ms:          690 (setup) +         1180 (mult). 
Cl(10,0) in Cl(12,0) CPU =         1870 ms:          700 (setup) +         1170 (mult). 
Cl(11,0) in Cl(12,0) CPU =         1860 ms:          700 (setup) +         1160 (mult). 
Cl(12,0) in Cl(12,0) CPU =         1880 ms:          710 (setup) +         1170 (mult). 
Cl(1,0) in Cl(6,6) CPU =           10 ms:           10 (setup) +            0 (mult). 
Cl(1,1) in Cl(6,6) CPU =           20 ms:           10 (setup) +           10 (mult). 
Cl(2,1) in Cl(6,6) CPU =           10 ms:            0 (setup) +           10 (mult). 
Cl(2,2) in Cl(6,6) CPU =           20 ms:           10 (setup) +           10 (mult). 
Cl(3,2) in Cl(6,6) CPU =           30 ms:           20 (setup) +           10 (mult). 
Cl(3,3) in Cl(6,6) CPU =           30 ms:           20 (setup) +           10 (mult). 
Cl(4,3) in Cl(6,6) CPU =           50 ms:           20 (setup) +           30 (mult). 
Cl(4,4) in Cl(6,6) CPU =           60 ms:           30 (setup) +           30 (mult). 
Cl(5,4) in Cl(6,6) CPU =          110 ms:           50 (setup) +           60 (mult). 
Cl(5,5) in Cl(6,6) CPU =          130 ms:           60 (setup) +           70 (mult). 
Cl(6,5) in Cl(6,6) CPU =          260 ms:          100 (setup) +          160 (mult). 
Cl(6,6) in Cl(6,6) CPU =          270 ms:          120 (setup) +          150 (mult). 
Cl(1,0) in Cl(1,0) CPU =            0 ms:            0 (setup) +            0 (mult). 
Cl(1,1) in Cl(1,1) CPU =            0 ms:            0 (setup) +            0 (mult). 
Cl(2,1) in Cl(2,1) CPU =            0 ms:            0 (setup) +            0 (mult). 
Cl(2,2) in Cl(2,2) CPU =           10 ms:           10 (setup) +            0 (mult). 
Cl(3,2) in Cl(3,2) CPU =           20 ms:           20 (setup) +            0 (mult). 
Cl(3,3) in Cl(3,3) CPU =           40 ms:           40 (setup) +            0 (mult). 
Cl(4,3) in Cl(4,3) CPU =          130 ms:          130 (setup) +            0 (mult). 
Cl(4,4) in Cl(4,4) CPU =          320 ms:          320 (setup) +            0 (mult). 
Cl(5,4) in Cl(5,4) CPU =         1030 ms:         1000 (setup) +           30 (mult). 
Cl(5,5) in Cl(5,5) CPU =         2890 ms:         2870 (setup) +           20 (mult). 
Cl(6,5) in Cl(6,5) CPU =         9350 ms:         9190 (setup) +          160 (mult). 
Cl(6,6) in Cl(6,6) CPU =        26380 ms:        26210 (setup) +          170 (mult). 
